Total items in feed: 10
Position: 0
Title: PlayStation Plus Monthly Games for August – Dying Light 2 Stay Human: Reloaded Edition, Big Walk, Signalis
URL: https://blog.playstation.com/2026/07/28/playstation-plus-monthly-games-for-august-dying-light-2-stay-human-reloaded-edition-big-walk-signalis/
Raw pubDate: Tue, 28 Jul 2026 15:30:11 +0000
Parsed pubDate: 2026-07-28 15:30:11+00:00
Title matched: yes
----------------------------------------
Position: 1
Title: PlayStation Plus Game Catalog for July – Avatar: Frontiers of Pandora, Rise of the Ronin, Firefighting Simulator: Ignite and more
URL: https://blog.playstation.com/2026/07/15/playstation-plus-game-catalog-for-july-avatar-frontiers-of-pandora-rise-of-the-ronin-firefighting-simulator-ignite-and-more/
Raw pubDate: Wed, 15 Jul 2026 15:30:04 +0000
Parsed pubDate: 2026-07-15 15:30:04+00:00
Title matched: yes
----------------------------------------
Position: 2
Title: PlayStation Plus Monthly Games for July – Call of Duty: Modern Warfare III, For the King II, CrossCode
URL: https://blog.playstation.com/2026/07/01/playstation-plus-monthly-games-for-july-call-of-duty-modern-warfare-iii-for-the-king-ii-crosscode/
Raw pubDate: Wed, 01 Jul 2026 15:30:05 +0000
Parsed pubDate: 2026-07-01 15:30:05+00:00
Title matched: yes
----------------------------------------
Position: 3
Title: PlayStation Plus Game Catalog for June: Final Fantasy XVI, Sonic X Shadow Generations, Kingdom Come: Deliverance, and more
URL: https://blog.playstation.com/2026/06/10/playstation-plus-game-catalog-for-june-final-fantasy-xvi-sonic-x-shadow-generations-kingdom-come-deliverance-and-more/
Raw pubDate: Wed, 10 Jun 2026 15:30:33 +0000
Parsed pubDate: 2026-06-10 15:30:33+00:00
Title matched: yes
----------------------------------------
Position: 4
Title: PlayStation Plus Monthly Games for June: Grounded Fully Yoked Edition, Nickelodeon All-Star Brawl 2, Warhammer 40,000: Darktide
URL: https://blog.playstation.com/2026/05/26/playstation-plus-monthly-games-for-june-grounded-fully-yoked-edition-nickelodeon-all-star-brawl-2-warhammer-40000-darktide/
Raw pubDate: Tue, 26 May 2026 12:02:10 +0000
Parsed pubDate: 2026-05-26 12:02:10+00:00
Title matched: yes
----------------------------------------
Position: 5
Title: PlayStation Plus Game Catalog for May: Star Wars Outlaws, Red Dead Redemption 2, Bramble: The Mountain King, The Thaumaturge and more
URL: https://blog.playstation.com/2026/05/13/playstation-plus-game-catalog-for-may-star-wars-outlaws-red-dead-redemption-2-bramble-the-mountain-king-the-thaumaturge-and-more/
Raw pubDate: Wed, 13 May 2026 15:30:11 +0000
Parsed pubDate: 2026-05-13 15:30:11+00:00
Title matched: yes
----------------------------------------
Position: 6
Title: PlayStation Plus Monthly Games for May: EA Sports FC 26, Wuchang: Fallen Feathers, Nine Sols
URL: https://blog.playstation.com/2026/04/29/playstation-plus-monthly-games-for-may-ea-sports-fc-26-wuchang-fallen-feathers-nine-sols/
Raw pubDate: Wed, 29 Apr 2026 15:30:05 +0000
Parsed pubDate: 2026-04-29 15:30:05+00:00
Title matched: yes
----------------------------------------
Position: 7
Title: PlayStation Plus Game Catalog for April: The Crew Motorfest, Horizon Zero Dawn Remastered, Football Manager 26 Console, Warriors: Abyss and more
URL: https://blog.playstation.com/2026/04/15/playstation-plus-game-catalog-for-april-the-crew-motorfest-horizon-zero-dawn-remastered-football-manager-26-console-warriors-abyss-and-more/
Raw pubDate: Wed, 15 Apr 2026 15:30:10 +0000
Parsed pubDate: 2026-04-15 15:30:10+00:00
Title matched: yes
----------------------------------------
Position: 8
Title: PlayStation Plus Monthly Games for April: Lords of the Fallen, Tomb Raider I-III Remastered, Sword Art Online Fractured Daydream
URL: https://blog.playstation.com/2026/04/01/playstation-plus-monthly-games-for-april-lords-of-the-fallen-tomb-raider-i-iii-remastered-sword-art-online-fractured-daydream/
Raw pubDate: Wed, 01 Apr 2026 15:30:02 +0000
Parsed pubDate: 2026-04-01 15:30:02+00:00
Title matched: yes
----------------------------------------
Position: 9
Title: PlayStation Plus Game Catalog for March: Warhammer 40,000: Space Marine 2, EA Sports Madden NFL 26, Persona 5 Royal, Blasphemous 2 and more
URL: https://blog.playstation.com/2026/03/11/playstation-plus-game-catalog-for-march-warhammer-40000-space-marine-2-ea-sports-madden-nfl-26-persona-5-royal-blasphemous-2-and-more/
Raw pubDate: Wed, 11 Mar 2026 15:31:14 +0000
Parsed pubDate: 2026-03-11 15:31:14+00:00
Title matched: yes
----------------------------------------
